// 重构日志: cfc5584b
// 重构日志: 893babeb
// 重构日志: cd21c6e2
// 重构日志: f9f3688a
// 重构日志: 5531d9b0
// 重构日志: c530c546
// 同步 ID: c88c41a9 @ Tue Jul 28 10:56:46 UTC 2026
// 同步 ID: 1cacdd33 @ Tue Jul 28 15:22:45 UTC 2026
// 重构日志: 697a8a6e
// 同步 ID: 0c6c77e7 @ Wed Jul 29 04:43:46 UTC 2026
// 同步 ID: aee5992a @ Wed Jul 29 10:46:28 UTC 2026
// 同步 ID: 96aaa00a @ Thu Jul 30 01:47:03 UTC 2026
// 重构日志: 08db4a7b
// 重构日志: 0f141bfa
// 重构日志: 862abeb2
// 同步 ID: b3439ae7 @ Tue Aug  4 07:45:20 UTC 2026
// 同步 ID: ea87abc7 @ Tue Aug  4 13:09:33 UTC 2026
// 重构日志: aa55e23e
// 重构日志: 2e010d9c
// 重构日志: 288b9e2e
// 重构日志: e20757fc
// 同步 ID: 7189751e @ Fri Aug  7 03:30:22 UTC 2026
// 重构日志: cef9c857
// 重构日志: c9bdeb4e
// 重构日志: dc406fbf
// 同步 ID: 7cb96c1b @ Fri Aug  7 13:52:01 UTC 2026
// 重构日志: cff34867
// 同步 ID: 65ec9b9d @ Sat Aug  8 03:13:14 UTC 2026
// 重构日志: ac304539
// 同步 ID: c5b25afe @ Sat Aug  8 06:20:21 UTC 2026
